#-----------------------------------------------------------
# Vivado v2022.1 (64-bit)
# SW Build 3526262 on Mon Apr 18 15:48:16 MDT 2022
# IP Build 3524634 on Mon Apr 18 20:55:01 MDT 2022
# Start of session at: Wed Aug 24 15:57:39 2022
# Process ID: 67760
# Current directory: C:/Users/bokiss/AppData/Roaming/Xilinx/Vivado
# Command line: vivado.exe -gui_launcher_event rodinguilauncherevent90468
# Log file: C:/Users/bokiss/AppData/Roaming/Xilinx/Vivado/vivado.log
# Journal file: C:/Users/bokiss/AppData/Roaming/Xilinx/Vivado\vivado.jou
# Running On: sim-ro, OS: Windows, CPU Frequency: 2993 MHz, CPU Physical cores: 16, Host memory: 343200 MB
#-----------------------------------------------------------
start_gui
source {D:/WorkBORI/Basys-3/hw/scripts/checkout.tcl}
source {D:/WorkBORI/Basys-3/hw/scripts/checkout.tcl}
update_compile_order -fileset sources_1
update_compile_order -fileset sources_1
launch_runs impl_1 -to_step write_bitstream -jobs 24
wait_on_run impl_1
archive_project D:/WorkBORI/Basys-3/hw/Basys-3-Keyboard-hw.xpr.zip -temp_dir C:/Users/bokiss/AppData/Roaming/Xilinx/Vivado/.Xil/Vivado-67760-sim-ro -force -include_local_ip_cache -include_config_settings
